<?xml version="1.0" encoding="utf-8"?>
<TestRun id="f4aee99f-7bc4-4ce1-a27e-32365e260440" name="kulall@KUSHWS1 2019-01-24 15:08:17" runUser="FAREAST\kulall" xmlns="http://microsoft.com/schemas/VisualStudio/TeamTest/2010">
  <Times creation="2019-01-24T15:08:17.9228075+05:30" queuing="2019-01-24T15:08:17.9228075+05:30" start="2019-01-24T15:08:15.0907295+05:30" finish="2019-01-24T15:08:50.4960228+05:30" />
  <TestSettings name="default" id="ec61f378-d87a-4fd8-af0c-b8f1d8c79936">
    <Deployment runDeploymentRoot="kulall_KUSHWS1_2019-01-24_15_08_17" />
  </TestSettings>
  <Results>
    <UnitTestResult executionId="5eafbbc9-b5ad-4ebe-bea4-a910b04624c9" testId="eaa8d997-c068-2cd3-b97f-ee70ec2eeab6" testName="Fail11" computerName="KUSHWS1" duration="00:00:00.0022813" startTime="2019-01-24T15:08:50.0830491+05:30" endTime="2019-01-24T15:08:50.0850305+05:30" testType="13cdc9d9-ddb5-4fa4-a97d-d965ccfc6d4b" outcome="Failed" testListId="8c84fa94-04c1-424b-9868-57a2d4851a1d" relativeResultsDirectory="5eafbbc9-b5ad-4ebe-bea4-a910b04624c9">
      <Output>
        <ErrorInfo>
          <Message>Assert.IsFalse failed. </Message>
          <StackTrace>   at UnitTestProject1.UnitTest1.Fail11() in C:\agent\_work\4\s\UnitTestProject1\UnitTestProject1\UnitTest1.cs:line 171&#xD;
</StackTrace>
        </ErrorInfo>
      </Output>
    </UnitTestResult>
    <UnitTestResult executionId="bb226835-79ac-4478-8303-8ded0f43e394" testId="aefba017-ab06-be36-6b92-de4e29836f72" testName="Pass1" computerName="KUSHWS1" duration="00:00:03.0010528" startTime="2019-01-24T15:08:17.0128429+05:30" endTime="2019-01-24T15:08:20.0140630+05:30" testType="13cdc9d9-ddb5-4fa4-a97d-d965ccfc6d4b" outcome="Passed" testListId="8c84fa94-04c1-424b-9868-57a2d4851a1d" relativeResultsDirectory="bb226835-79ac-4478-8303-8ded0f43e394" />
    <UnitTestResult executionId="a8fc3143-937f-40ab-a224-b5adaef6912a" testId="7b8b3965-30c9-8915-77cd-f56f955bc8f3" testName="Pass30" computerName="KUSHWS1" duration="00:00:03.0005725" startTime="2019-01-24T15:08:41.0564415+05:30" endTime="2019-01-24T15:08:44.0578271+05:30" testType="13cdc9d9-ddb5-4fa4-a97d-d965ccfc6d4b" outcome="Passed" testListId="8c84fa94-04c1-424b-9868-57a2d4851a1d" relativeResultsDirectory="a8fc3143-937f-40ab-a224-b5adaef6912a" />
    <UnitTestResult executionId="4d7d7d18-b5d4-4aa9-947a-54d892fbcd41" testId="45318ffb-81d9-25f8-f060-a97144697a0a" testName="TestMethod11" computerName="KUSHWS1" duration="00:00:00.0044273" startTime="2019-01-24T15:08:16.7517559+05:30" endTime="2019-01-24T15:08:16.9098093+05:30" testType="13cdc9d9-ddb5-4fa4-a97d-d965ccfc6d4b" outcome="Passed" testListId="8c84fa94-04c1-424b-9868-57a2d4851a1d" relativeResultsDirectory="4d7d7d18-b5d4-4aa9-947a-54d892fbcd41">
      <ResultFiles>
        <ResultFile path="../../../LogStore.txt" />
        <ResultFile path="../../../LogStore[1].txt" />
        <ResultFile path="../../../LogStore[2].txt" />
        <ResultFile path="../../../LogStore[3].txt" />
        <ResultFile path="../../../LogStore[4].txt" />
      </ResultFiles>
    </UnitTestResult>
    <UnitTestResult executionId="0deb8a95-1357-4e62-b22c-ff11d3aaafb7" testId="5ec80c74-dd0b-b800-e23e-3e2553454930" testName="Pass40" computerName="KUSHWS1" duration="00:00:03.0011613" startTime="2019-01-24T15:08:44.0628232+05:30" endTime="2019-01-24T15:08:47.0649474+05:30" testType="13cdc9d9-ddb5-4fa4-a97d-d965ccfc6d4b" outcome="Passed" testListId="8c84fa94-04c1-424b-9868-57a2d4851a1d" relativeResultsDirectory="0deb8a95-1357-4e62-b22c-ff11d3aaafb7" />
    <UnitTestResult executionId="600f58db-85b0-44e3-a86b-395990f7299e" testId="55dec915-d020-dd64-93c1-85b797943642" testName="Pass31" computerName="KUSHWS1" duration="00:00:00.0000545" startTime="2019-01-24T15:08:50.0800218+05:30" endTime="2019-01-24T15:08:50.0800218+05:30" testType="13cdc9d9-ddb5-4fa4-a97d-d965ccfc6d4b" outcome="Passed" testListId="8c84fa94-04c1-424b-9868-57a2d4851a1d" relativeResultsDirectory="600f58db-85b0-44e3-a86b-395990f7299e" />
    <UnitTestResult executionId="eaeb3eb1-41a0-457e-86d5-583c63cb22c6" testId="81a22edd-2293-1aa5-867b-5b1f7a5d5eab" testName="TestMethod21" computerName="KUSHWS1" duration="00:00:00.0609547" startTime="2019-01-24T15:08:16.9368183+05:30" endTime="2019-01-24T15:08:16.9978123+05:30" testType="13cdc9d9-ddb5-4fa4-a97d-d965ccfc6d4b" outcome="Failed" testListId="8c84fa94-04c1-424b-9868-57a2d4851a1d" relativeResultsDirectory="eaeb3eb1-41a0-457e-86d5-583c63cb22c6">
      <Output>
        <ErrorInfo>
          <Message>Assert.IsTrue failed. </Message>
          <StackTrace>   at UnitTestProject1.UnitTest1.TestMethod21() in C:\agent\_work\4\s\UnitTestProject1\UnitTestProject1\UnitTest1.cs:line 41&#xD;
</StackTrace>
        </ErrorInfo>
      </Output>
    </UnitTestResult>
    <UnitTestResult executionId="31e837a7-f135-4682-8948-ef02b3b48652" testId="ce6fa5bc-1b23-737f-cab1-9f96b479af5d" testName="Pass42" computerName="KUSHWS1" duration="00:00:00.0000364" startTime="2019-01-24T15:08:50.0970665+05:30" endTime="2019-01-24T15:08:50.0970665+05:30" testType="13cdc9d9-ddb5-4fa4-a97d-d965ccfc6d4b" outcome="Passed" testListId="8c84fa94-04c1-424b-9868-57a2d4851a1d" relativeResultsDirectory="31e837a7-f135-4682-8948-ef02b3b48652" />
    <UnitTestResult executionId="4a967a00-b6f6-44ad-be68-44eca9086748" testId="1bfb42e8-2ca4-257c-96d7-cb3737f77abb" testName="Pass32" computerName="KUSHWS1" duration="00:00:00.0000488" startTime="2019-01-24T15:08:50.0960474+05:30" endTime="2019-01-24T15:08:50.0960474+05:30" testType="13cdc9d9-ddb5-4fa4-a97d-d965ccfc6d4b" outcome="Passed" testListId="8c84fa94-04c1-424b-9868-57a2d4851a1d" relativeResultsDirectory="4a967a00-b6f6-44ad-be68-44eca9086748" />
    <UnitTestResult executionId="32642253-713a-495d-b27d-d94f4bfbac83" testId="7aabd3c2-5bb5-1d38-a327-9e159e75ce39" testName="Pass3" computerName="KUSHWS1" duration="00:00:03.0008970" startTime="2019-01-24T15:08:23.0190939+05:30" endTime="2019-01-24T15:08:26.0209458+05:30" testType="13cdc9d9-ddb5-4fa4-a97d-d965ccfc6d4b" outcome="Passed" testListId="8c84fa94-04c1-424b-9868-57a2d4851a1d" relativeResultsDirectory="32642253-713a-495d-b27d-d94f4bfbac83" />
    <UnitTestResult executionId="f556f2e2-fc0e-47ea-b8c3-19e711ceb897" testId="5f5ce330-f4a5-501b-a7f8-d8c7ebf32ddf" testName="TestMethod41" computerName="KUSHWS1" duration="00:00:00.0035447" startTime="2019-01-24T15:08:17.0048176+05:30" endTime="2019-01-24T15:08:17.0088118+05:30" testType="13cdc9d9-ddb5-4fa4-a97d-d965ccfc6d4b" outcome="Failed" testListId="8c84fa94-04c1-424b-9868-57a2d4851a1d" relativeResultsDirectory="f556f2e2-fc0e-47ea-b8c3-19e711ceb897">
      <Output>
        <ErrorInfo>
          <Message>Assert.AreEqual failed. Expected:&lt;3&gt;. Actual:&lt;0&gt;. value of i = 4</Message>
          <StackTrace>   at UnitTestProject1.UnitTest1.TestMethod41() in C:\agent\_work\4\s\UnitTestProject1\UnitTestProject1\UnitTest1.cs:line 60&#xD;
</StackTrace>
        </ErrorInfo>
      </Output>
    </UnitTestResult>
    <UnitTestResult executionId="ea1248c9-5130-4fb1-9810-df93803ce60c" testId="0596bb2b-0e75-bd18-c533-421c006a056b" testName="Fail20" computerName="KUSHWS1" duration="00:00:00.0019200" startTime="2019-01-24T15:08:50.0740192+05:30" endTime="2019-01-24T15:08:50.0760336+05:30" testType="13cdc9d9-ddb5-4fa4-a97d-d965ccfc6d4b" outcome="Failed" testListId="8c84fa94-04c1-424b-9868-57a2d4851a1d" relativeResultsDirectory="ea1248c9-5130-4fb1-9810-df93803ce60c">
      <Output>
        <ErrorInfo>
          <Message>Assert.IsFalse failed. </Message>
          <StackTrace>   at UnitTestProject1.UnitTest1.Fail20() in C:\agent\_work\4\s\UnitTestProject1\UnitTestProject1\UnitTest1.cs:line 141&#xD;
</StackTrace>
        </ErrorInfo>
      </Output>
    </UnitTestResult>
    <UnitTestResult executionId="d6aba8d9-0e45-47f7-836e-0a21943f1a81" testId="5de8ee5b-fd4c-e46d-31b0-d7572d9fe448" testName="Fail21" computerName="KUSHWS1" duration="00:00:00.0021943" startTime="2019-01-24T15:08:50.0870294+05:30" endTime="2019-01-24T15:08:50.0890186+05:30" testType="13cdc9d9-ddb5-4fa4-a97d-d965ccfc6d4b" outcome="Failed" testListId="8c84fa94-04c1-424b-9868-57a2d4851a1d" relativeResultsDirectory="d6aba8d9-0e45-47f7-836e-0a21943f1a81">
      <Output>
        <ErrorInfo>
          <Message>Assert.IsFalse failed. </Message>
          <StackTrace>   at UnitTestProject1.UnitTest1.Fail21() in C:\agent\_work\4\s\UnitTestProject1\UnitTestProject1\UnitTest1.cs:line 176&#xD;
</StackTrace>
        </ErrorInfo>
      </Output>
    </UnitTestResult>
    <UnitTestResult executionId="810a409f-d243-47c2-9f76-f688caa2258c" testId="3599b29c-a129-0bd3-282a-c9e1d758e82e" testName="Pass2" computerName="KUSHWS1" duration="00:00:03.0004002" startTime="2019-01-24T15:08:20.0169318+05:30" endTime="2019-01-24T15:08:23.0180937+05:30" testType="13cdc9d9-ddb5-4fa4-a97d-d965ccfc6d4b" outcome="Passed" testListId="8c84fa94-04c1-424b-9868-57a2d4851a1d" relativeResultsDirectory="810a409f-d243-47c2-9f76-f688caa2258c" />
    <UnitTestResult executionId="cbba3232-e7e2-42f6-ba98-41a2f51f2de8" testId="9349c957-dea8-ec7b-ac45-f7acd4bcac2e" testName="Pass22" computerName="KUSHWS1" duration="00:00:00.0000335" startTime="2019-01-24T15:08:50.0920500+05:30" endTime="2019-01-24T15:08:50.0920500+05:30" testType="13cdc9d9-ddb5-4fa4-a97d-d965ccfc6d4b" outcome="Passed" testListId="8c84fa94-04c1-424b-9868-57a2d4851a1d" relativeResultsDirectory="cbba3232-e7e2-42f6-ba98-41a2f51f2de8" />
    <UnitTestResult executionId="ebd74c81-5cfa-4a02-9f49-7660adbcd995" testId="a9d0a865-47ef-0673-67ca-e57147dff1a9" testName="Fail2" computerName="KUSHWS1" duration="00:00:03.0034351" startTime="2019-01-24T15:08:32.0392684+05:30" endTime="2019-01-24T15:08:35.0421367+05:30" testType="13cdc9d9-ddb5-4fa4-a97d-d965ccfc6d4b" outcome="Failed" testListId="8c84fa94-04c1-424b-9868-57a2d4851a1d" relativeResultsDirectory="ebd74c81-5cfa-4a02-9f49-7660adbcd995">
      <Output>
        <ErrorInfo>
          <Message>Assert.IsFalse failed. </Message>
          <StackTrace>   at UnitTestProject1.UnitTest1.Fail2() in C:\agent\_work\4\s\UnitTestProject1\UnitTestProject1\UnitTest1.cs:line 101&#xD;
</StackTrace>
        </ErrorInfo>
      </Output>
    </UnitTestResult>
    <UnitTestResult executionId="7d19c2a4-507c-4969-9a66-e01ef305e0d5" testId="75a3bc6c-5c8a-1e8a-497b-e632f9771662" testName="Fail10" computerName="KUSHWS1" duration="00:00:03.0027744" startTime="2019-01-24T15:08:47.0689047+05:30" endTime="2019-01-24T15:08:50.0720374+05:30" testType="13cdc9d9-ddb5-4fa4-a97d-d965ccfc6d4b" outcome="Failed" testListId="8c84fa94-04c1-424b-9868-57a2d4851a1d" relativeResultsDirectory="7d19c2a4-507c-4969-9a66-e01ef305e0d5">
      <Output>
        <ErrorInfo>
          <Message>Assert.IsFalse failed. </Message>
          <StackTrace>   at UnitTestProject1.UnitTest1.Fail10() in C:\agent\_work\4\s\UnitTestProject1\UnitTestProject1\UnitTest1.cs:line 136&#xD;
</StackTrace>
        </ErrorInfo>
      </Output>
    </UnitTestResult>
    <UnitTestResult executionId="1aece527-5b1f-4b39-bb23-34168ea5bd57" testId="87e27bb7-a829-997e-7caa-6798651c32ec" testName="Fail12" computerName="KUSHWS1" duration="00:00:00.0018617" startTime="2019-01-24T15:08:50.0980466+05:30" endTime="2019-01-24T15:08:50.1000167+05:30" testType="13cdc9d9-ddb5-4fa4-a97d-d965ccfc6d4b" outcome="Failed" testListId="8c84fa94-04c1-424b-9868-57a2d4851a1d" relativeResultsDirectory="1aece527-5b1f-4b39-bb23-34168ea5bd57">
      <Output>
        <ErrorInfo>
          <Message>Assert.IsFalse failed. </Message>
          <StackTrace>   at UnitTestProject1.UnitTest1.Fail12() in C:\agent\_work\4\s\UnitTestProject1\UnitTestProject1\UnitTest1.cs:line 206&#xD;
</StackTrace>
        </ErrorInfo>
      </Output>
    </UnitTestResult>
    <UnitTestResult executionId="b593c63a-aaf2-4c94-a516-cb1e4d863533" testId="fbbd2ad5-0993-7f35-bbd4-29881a8cfaba" testName="Pass12" computerName="KUSHWS1" duration="00:00:00.0000502" startTime="2019-01-24T15:08:50.0910480+05:30" endTime="2019-01-24T15:08:50.0910480+05:30" testType="13cdc9d9-ddb5-4fa4-a97d-d965ccfc6d4b" outcome="Passed" testListId="8c84fa94-04c1-424b-9868-57a2d4851a1d" relativeResultsDirectory="b593c63a-aaf2-4c94-a516-cb1e4d863533" />
    <UnitTestResult executionId="d7b5909a-b82c-400a-9bab-8a12aa2e8291" testId="2dfa8c33-06e2-a5c6-c504-912fa7fce2b9" testName="Fail22" computerName="KUSHWS1" duration="00:00:00.0017984" startTime="2019-01-24T15:08:50.1010169+05:30" endTime="2019-01-24T15:08:50.1030294+05:30" testType="13cdc9d9-ddb5-4fa4-a97d-d965ccfc6d4b" outcome="Failed" testListId="8c84fa94-04c1-424b-9868-57a2d4851a1d" relativeResultsDirectory="d7b5909a-b82c-400a-9bab-8a12aa2e8291">
      <Output>
        <ErrorInfo>
          <Message>Assert.IsFalse failed. </Message>
          <StackTrace>   at UnitTestProject1.UnitTest1.Fail22() in C:\agent\_work\4\s\UnitTestProject1\UnitTestProject1\UnitTest1.cs:line 211&#xD;
</StackTrace>
        </ErrorInfo>
      </Output>
    </UnitTestResult>
    <UnitTestResult executionId="02fb69c9-a213-4d6b-9778-a15643625903" testId="f9993924-b6cb-ae10-8258-aa8826fc15f2" testName="Pass11" computerName="KUSHWS1" duration="00:00:00.0000472" startTime="2019-01-24T15:08:50.0770191+05:30" endTime="2019-01-24T15:08:50.0770191+05:30" testType="13cdc9d9-ddb5-4fa4-a97d-d965ccfc6d4b" outcome="Passed" testListId="8c84fa94-04c1-424b-9868-57a2d4851a1d" relativeResultsDirectory="02fb69c9-a213-4d6b-9778-a15643625903" />
    <UnitTestResult executionId="39ed9d5b-789e-4754-b333-0a7686190a4c" testId="ef30f211-13c3-ea98-1d1d-499bb371b1c9" testName="Pass4" computerName="KUSHWS1" duration="00:00:03.0010256" startTime="2019-01-24T15:08:26.0259905+05:30" endTime="2019-01-24T15:08:29.0275057+05:30" testType="13cdc9d9-ddb5-4fa4-a97d-d965ccfc6d4b" outcome="Passed" testListId="8c84fa94-04c1-424b-9868-57a2d4851a1d" relativeResultsDirectory="39ed9d5b-789e-4754-b333-0a7686190a4c" />
    <UnitTestResult executionId="f0c78f00-0e96-44d5-bb02-660f08a060d0" testId="97462772-3a89-3d26-a23e-c081bc426930" testName="Pass41" computerName="KUSHWS1" duration="00:00:00.0000520" startTime="2019-01-24T15:08:50.0810197+05:30" endTime="2019-01-24T15:08:50.0810197+05:30" testType="13cdc9d9-ddb5-4fa4-a97d-d965ccfc6d4b" outcome="Passed" testListId="8c84fa94-04c1-424b-9868-57a2d4851a1d" relativeResultsDirectory="f0c78f00-0e96-44d5-bb02-660f08a060d0" />
    <UnitTestResult executionId="fee9c6db-72db-4767-b752-790d8b6cb5f9" testId="7c66fbda-2d0e-a714-e18d-83c0464019a5" testName="Fail1" computerName="KUSHWS1" duration="00:00:03.0030010" startTime="2019-01-24T15:08:29.0335619+05:30" endTime="2019-01-24T15:08:32.0372344+05:30" testType="13cdc9d9-ddb5-4fa4-a97d-d965ccfc6d4b" outcome="Failed" testListId="8c84fa94-04c1-424b-9868-57a2d4851a1d" relativeResultsDirectory="fee9c6db-72db-4767-b752-790d8b6cb5f9">
      <Output>
        <ErrorInfo>
          <Message>Assert.IsFalse failed. </Message>
          <StackTrace>   at UnitTestProject1.UnitTest1.Fail1() in C:\agent\_work\4\s\UnitTestProject1\UnitTestProject1\UnitTest1.cs:line 95&#xD;
</StackTrace>
        </ErrorInfo>
      </Output>
    </UnitTestResult>
    <UnitTestResult executionId="fb26822a-1594-49c2-90ba-b6af4d8ca3fa" testId="fd68f66f-1b60-3674-4e38-03dc41b73c8b" testName="Pass21" computerName="KUSHWS1" duration="00:00:00.0000658" startTime="2019-01-24T15:08:50.0780186+05:30" endTime="2019-01-24T15:08:50.0780186+05:30" testType="13cdc9d9-ddb5-4fa4-a97d-d965ccfc6d4b" outcome="Passed" testListId="8c84fa94-04c1-424b-9868-57a2d4851a1d" relativeResultsDirectory="fb26822a-1594-49c2-90ba-b6af4d8ca3fa" />
    <UnitTestResult executionId="30a034bc-a79f-4594-b36d-626d684afab4" testId="57b8e405-9ba6-c1ee-7866-49a0379ef2a7" testName="Pass20" computerName="KUSHWS1" duration="00:00:03.0010157" startTime="2019-01-24T15:08:38.0537112+05:30" endTime="2019-01-24T15:08:41.0554370+05:30" testType="13cdc9d9-ddb5-4fa4-a97d-d965ccfc6d4b" outcome="Passed" testListId="8c84fa94-04c1-424b-9868-57a2d4851a1d" relativeResultsDirectory="30a034bc-a79f-4594-b36d-626d684afab4" />
    <UnitTestResult executionId="6cdd54f1-a2a1-4596-9582-1a4711f9c127" testId="a18c1e1e-d07c-fa66-e769-c5ca2941d3ac" testName="Pass10" computerName="KUSHWS1" duration="00:00:03.0009593" startTime="2019-01-24T15:08:35.0501420+05:30" endTime="2019-01-24T15:08:38.0517450+05:30" testType="13cdc9d9-ddb5-4fa4-a97d-d965ccfc6d4b" outcome="Passed" testListId="8c84fa94-04c1-424b-9868-57a2d4851a1d" relativeResultsDirectory="6cdd54f1-a2a1-4596-9582-1a4711f9c127" />
    <UnitTestResult executionId="9f2dbb2b-5b56-491f-9170-fbc6a0bcb04c" testId="b935be97-eb03-81d4-cdef-0bd9c0393e86" testName="TestMethod31" computerName="KUSHWS1" duration="00:00:00.0029502" startTime="2019-01-24T15:08:16.9998156+05:30" endTime="2019-01-24T15:08:17.0028169+05:30" testType="13cdc9d9-ddb5-4fa4-a97d-d965ccfc6d4b" outcome="Failed" testListId="8c84fa94-04c1-424b-9868-57a2d4851a1d" relativeResultsDirectory="9f2dbb2b-5b56-491f-9170-fbc6a0bcb04c">
      <Output>
        <StdErr>iteration 2</StdErr>
        <ErrorInfo>
          <Message>Assert.IsTrue failed. </Message>
          <StackTrace>   at UnitTestProject1.UnitTest1.TestMethod31() in C:\agent\_work\4\s\UnitTestProject1\UnitTestProject1\UnitTest1.cs:line 51&#xD;
</StackTrace>
        </ErrorInfo>
      </Output>
    </UnitTestResult>
  </Results>
  <TestDefinitions>
    <UnitTest name="Pass12" storage="c:\agent\_work\4\s\unittestproject1\unittestproject1\bin\release\unittestproject1.dll" id="fbbd2ad5-0993-7f35-bbd4-29881a8cfaba">
      <Execution id="b593c63a-aaf2-4c94-a516-cb1e4d863533" />
      <TestMethod codeBase="C:\agent\_work\4\s\UnitTestProject1\UnitTestProject1\bin\Release\UnitTestProject1.dll" adapterTypeName="executor://mstestadapter/v1" className="UnitTestProject1.UnitTest1" name="Pass12" />
    </UnitTest>
    <UnitTest name="Pass4" storage="c:\agent\_work\4\s\unittestproject1\unittestproject1\bin\release\unittestproject1.dll" id="ef30f211-13c3-ea98-1d1d-499bb371b1c9">
      <Execution id="39ed9d5b-789e-4754-b333-0a7686190a4c" />
      <TestMethod codeBase="C:\agent\_work\4\s\UnitTestProject1\UnitTestProject1\bin\Release\UnitTestProject1.dll" adapterTypeName="executor://mstestadapter/v1" className="UnitTestProject1.UnitTest1" name="Pass4" />
    </UnitTest>
    <UnitTest name="Pass2" storage="c:\agent\_work\4\s\unittestproject1\unittestproject1\bin\release\unittestproject1.dll" id="3599b29c-a129-0bd3-282a-c9e1d758e82e">
      <Execution id="810a409f-d243-47c2-9f76-f688caa2258c" />
      <TestMethod codeBase="C:\agent\_work\4\s\UnitTestProject1\UnitTestProject1\bin\Release\UnitTestProject1.dll" adapterTypeName="executor://mstestadapter/v1" className="UnitTestProject1.UnitTest1" name="Pass2" />
    </UnitTest>
    <UnitTest name="Pass10" storage="c:\agent\_work\4\s\unittestproject1\unittestproject1\bin\release\unittestproject1.dll" id="a18c1e1e-d07c-fa66-e769-c5ca2941d3ac">
      <Execution id="6cdd54f1-a2a1-4596-9582-1a4711f9c127" />
      <TestMethod codeBase="C:\agent\_work\4\s\UnitTestProject1\UnitTestProject1\bin\Release\UnitTestProject1.dll" adapterTypeName="executor://mstestadapter/v1" className="UnitTestProject1.UnitTest1" name="Pass10" />
    </UnitTest>
    <UnitTest name="Pass20" storage="c:\agent\_work\4\s\unittestproject1\unittestproject1\bin\release\unittestproject1.dll" id="57b8e405-9ba6-c1ee-7866-49a0379ef2a7">
      <Execution id="30a034bc-a79f-4594-b36d-626d684afab4" />
      <TestMethod codeBase="C:\agent\_work\4\s\UnitTestProject1\UnitTestProject1\bin\Release\UnitTestProject1.dll" adapterTypeName="executor://mstestadapter/v1" className="UnitTestProject1.UnitTest1" name="Pass20" />
    </UnitTest>
    <UnitTest name="Pass21" storage="c:\agent\_work\4\s\unittestproject1\unittestproject1\bin\release\unittestproject1.dll" id="fd68f66f-1b60-3674-4e38-03dc41b73c8b">
      <Execution id="fb26822a-1594-49c2-90ba-b6af4d8ca3fa" />
      <TestMethod codeBase="C:\agent\_work\4\s\UnitTestProject1\UnitTestProject1\bin\Release\UnitTestProject1.dll" adapterTypeName="executor://mstestadapter/v1" className="UnitTestProject1.UnitTest1" name="Pass21" />
    </UnitTest>
    <UnitTest name="Pass31" storage="c:\agent\_work\4\s\unittestproject1\unittestproject1\bin\release\unittestproject1.dll" id="55dec915-d020-dd64-93c1-85b797943642">
      <Execution id="600f58db-85b0-44e3-a86b-395990f7299e" />
      <TestMethod codeBase="C:\agent\_work\4\s\UnitTestProject1\UnitTestProject1\bin\Release\UnitTestProject1.dll" adapterTypeName="executor://mstestadapter/v1" className="UnitTestProject1.UnitTest1" name="Pass31" />
    </UnitTest>
    <UnitTest name="TestMethod11" storage="c:\agent\_work\4\s\unittestproject1\unittestproject1\bin\release\unittestproject1.dll" priority="1" id="45318ffb-81d9-25f8-f060-a97144697a0a">
      <Owners>
        <Owner name="some1" />
      </Owners>
      <Execution id="4d7d7d18-b5d4-4aa9-947a-54d892fbcd41" />
      <TestMethod codeBase="C:\agent\_work\4\s\UnitTestProject1\UnitTestProject1\bin\Release\UnitTestProject1.dll" adapterTypeName="executor://mstestadapter/v1" className="UnitTestProject1.UnitTest1" name="TestMethod11" />
    </UnitTest>
    <UnitTest name="Pass22" storage="c:\agent\_work\4\s\unittestproject1\unittestproject1\bin\release\unittestproject1.dll" id="9349c957-dea8-ec7b-ac45-f7acd4bcac2e">
      <Execution id="cbba3232-e7e2-42f6-ba98-41a2f51f2de8" />
      <TestMethod codeBase="C:\agent\_work\4\s\UnitTestProject1\UnitTestProject1\bin\Release\UnitTestProject1.dll" adapterTypeName="executor://mstestadapter/v1" className="UnitTestProject1.UnitTest1" name="Pass22" />
    </UnitTest>
    <UnitTest name="TestMethod21" storage="c:\agent\_work\4\s\unittestproject1\unittestproject1\bin\release\unittestproject1.dll" priority="2" id="81a22edd-2293-1aa5-867b-5b1f7a5d5eab">
      <Owners>
        <Owner name="some2" />
      </Owners>
      <Execution id="eaeb3eb1-41a0-457e-86d5-583c63cb22c6" />
      <TestMethod codeBase="C:\agent\_work\4\s\UnitTestProject1\UnitTestProject1\bin\Release\UnitTestProject1.dll" adapterTypeName="executor://mstestadapter/v1" className="UnitTestProject1.UnitTest1" name="TestMethod21" />
    </UnitTest>
    <UnitTest name="Pass30" storage="c:\agent\_work\4\s\unittestproject1\unittestproject1\bin\release\unittestproject1.dll" id="7b8b3965-30c9-8915-77cd-f56f955bc8f3">
      <Execution id="a8fc3143-937f-40ab-a224-b5adaef6912a" />
      <TestMethod codeBase="C:\agent\_work\4\s\UnitTestProject1\UnitTestProject1\bin\Release\UnitTestProject1.dll" adapterTypeName="executor://mstestadapter/v1" className="UnitTestProject1.UnitTest1" name="Pass30" />
    </UnitTest>
    <UnitTest name="Pass11" storage="c:\agent\_work\4\s\unittestproject1\unittestproject1\bin\release\unittestproject1.dll" id="f9993924-b6cb-ae10-8258-aa8826fc15f2">
      <Execution id="02fb69c9-a213-4d6b-9778-a15643625903" />
      <TestMethod codeBase="C:\agent\_work\4\s\UnitTestProject1\UnitTestProject1\bin\Release\UnitTestProject1.dll" adapterTypeName="executor://mstestadapter/v1" className="UnitTestProject1.UnitTest1" name="Pass11" />
    </UnitTest>
    <UnitTest name="TestMethod31" storage="c:\agent\_work\4\s\unittestproject1\unittestproject1\bin\release\unittestproject1.dll" priority="1" id="b935be97-eb03-81d4-cdef-0bd9c0393e86">
      <Owners>
        <Owner name="some3" />
      </Owners>
      <Execution id="9f2dbb2b-5b56-491f-9170-fbc6a0bcb04c" />
      <TestMethod codeBase="C:\agent\_work\4\s\UnitTestProject1\UnitTestProject1\bin\Release\UnitTestProject1.dll" adapterTypeName="executor://mstestadapter/v1" className="UnitTestProject1.UnitTest1" name="TestMethod31" />
    </UnitTest>
    <UnitTest name="Pass32" storage="c:\agent\_work\4\s\unittestproject1\unittestproject1\bin\release\unittestproject1.dll" id="1bfb42e8-2ca4-257c-96d7-cb3737f77abb">
      <Execution id="4a967a00-b6f6-44ad-be68-44eca9086748" />
      <TestMethod codeBase="C:\agent\_work\4\s\UnitTestProject1\UnitTestProject1\bin\Release\UnitTestProject1.dll" adapterTypeName="executor://mstestadapter/v1" className="UnitTestProject1.UnitTest1" name="Pass32" />
    </UnitTest>
    <UnitTest name="Fail20" storage="c:\agent\_work\4\s\unittestproject1\unittestproject1\bin\release\unittestproject1.dll" id="0596bb2b-0e75-bd18-c533-421c006a056b">
      <Execution id="ea1248c9-5130-4fb1-9810-df93803ce60c" />
      <TestMethod codeBase="C:\agent\_work\4\s\UnitTestProject1\UnitTestProject1\bin\Release\UnitTestProject1.dll" adapterTypeName="executor://mstestadapter/v1" className="UnitTestProject1.UnitTest1" name="Fail20" />
    </UnitTest>
    <UnitTest name="Fail2" storage="c:\agent\_work\4\s\unittestproject1\unittestproject1\bin\release\unittestproject1.dll" id="a9d0a865-47ef-0673-67ca-e57147dff1a9">
      <Execution id="ebd74c81-5cfa-4a02-9f49-7660adbcd995" />
      <TestMethod codeBase="C:\agent\_work\4\s\UnitTestProject1\UnitTestProject1\bin\Release\UnitTestProject1.dll" adapterTypeName="executor://mstestadapter/v1" className="UnitTestProject1.UnitTest1" name="Fail2" />
    </UnitTest>
    <UnitTest name="Fail12" storage="c:\agent\_work\4\s\unittestproject1\unittestproject1\bin\release\unittestproject1.dll" id="87e27bb7-a829-997e-7caa-6798651c32ec">
      <Execution id="1aece527-5b1f-4b39-bb23-34168ea5bd57" />
      <TestMethod codeBase="C:\agent\_work\4\s\UnitTestProject1\UnitTestProject1\bin\Release\UnitTestProject1.dll" adapterTypeName="executor://mstestadapter/v1" className="UnitTestProject1.UnitTest1" name="Fail12" />
    </UnitTest>
    <UnitTest name="Fail21" storage="c:\agent\_work\4\s\unittestproject1\unittestproject1\bin\release\unittestproject1.dll" id="5de8ee5b-fd4c-e46d-31b0-d7572d9fe448">
      <Execution id="d6aba8d9-0e45-47f7-836e-0a21943f1a81" />
      <TestMethod codeBase="C:\agent\_work\4\s\UnitTestProject1\UnitTestProject1\bin\Release\UnitTestProject1.dll" adapterTypeName="executor://mstestadapter/v1" className="UnitTestProject1.UnitTest1" name="Fail21" />
    </UnitTest>
    <UnitTest name="Fail22" storage="c:\agent\_work\4\s\unittestproject1\unittestproject1\bin\release\unittestproject1.dll" id="2dfa8c33-06e2-a5c6-c504-912fa7fce2b9">
      <Execution id="d7b5909a-b82c-400a-9bab-8a12aa2e8291" />
      <TestMethod codeBase="C:\agent\_work\4\s\UnitTestProject1\UnitTestProject1\bin\Release\UnitTestProject1.dll" adapterTypeName="executor://mstestadapter/v1" className="UnitTestProject1.UnitTest1" name="Fail22" />
    </UnitTest>
    <UnitTest name="Pass41" storage="c:\agent\_work\4\s\unittestproject1\unittestproject1\bin\release\unittestproject1.dll" id="97462772-3a89-3d26-a23e-c081bc426930">
      <Execution id="f0c78f00-0e96-44d5-bb02-660f08a060d0" />
      <TestMethod codeBase="C:\agent\_work\4\s\UnitTestProject1\UnitTestProject1\bin\Release\UnitTestProject1.dll" adapterTypeName="executor://mstestadapter/v1" className="UnitTestProject1.UnitTest1" name="Pass41" />
    </UnitTest>
    <UnitTest name="Fail10" storage="c:\agent\_work\4\s\unittestproject1\unittestproject1\bin\release\unittestproject1.dll" id="75a3bc6c-5c8a-1e8a-497b-e632f9771662">
      <Execution id="7d19c2a4-507c-4969-9a66-e01ef305e0d5" />
      <TestMethod codeBase="C:\agent\_work\4\s\UnitTestProject1\UnitTestProject1\bin\Release\UnitTestProject1.dll" adapterTypeName="executor://mstestadapter/v1" className="UnitTestProject1.UnitTest1" name="Fail10" />
    </UnitTest>
    <UnitTest name="Fail11" storage="c:\agent\_work\4\s\unittestproject1\unittestproject1\bin\release\unittestproject1.dll" id="eaa8d997-c068-2cd3-b97f-ee70ec2eeab6">
      <Execution id="5eafbbc9-b5ad-4ebe-bea4-a910b04624c9" />
      <TestMethod codeBase="C:\agent\_work\4\s\UnitTestProject1\UnitTestProject1\bin\Release\UnitTestProject1.dll" adapterTypeName="executor://mstestadapter/v1" className="UnitTestProject1.UnitTest1" name="Fail11" />
    </UnitTest>
    <UnitTest name="Pass40" storage="c:\agent\_work\4\s\unittestproject1\unittestproject1\bin\release\unittestproject1.dll" id="5ec80c74-dd0b-b800-e23e-3e2553454930">
      <Execution id="0deb8a95-1357-4e62-b22c-ff11d3aaafb7" />
      <TestMethod codeBase="C:\agent\_work\4\s\UnitTestProject1\UnitTestProject1\bin\Release\UnitTestProject1.dll" adapterTypeName="executor://mstestadapter/v1" className="UnitTestProject1.UnitTest1" name="Pass40" />
    </UnitTest>
    <UnitTest name="Pass1" storage="c:\agent\_work\4\s\unittestproject1\unittestproject1\bin\release\unittestproject1.dll" id="aefba017-ab06-be36-6b92-de4e29836f72">
      <Execution id="bb226835-79ac-4478-8303-8ded0f43e394" />
      <TestMethod codeBase="C:\agent\_work\4\s\UnitTestProject1\UnitTestProject1\bin\Release\UnitTestProject1.dll" adapterTypeName="executor://mstestadapter/v1" className="UnitTestProject1.UnitTest1" name="Pass1" />
    </UnitTest>
    <UnitTest name="Pass3" storage="c:\agent\_work\4\s\unittestproject1\unittestproject1\bin\release\unittestproject1.dll" id="7aabd3c2-5bb5-1d38-a327-9e159e75ce39">
      <Execution id="32642253-713a-495d-b27d-d94f4bfbac83" />
      <TestMethod codeBase="C:\agent\_work\4\s\UnitTestProject1\UnitTestProject1\bin\Release\UnitTestProject1.dll" adapterTypeName="executor://mstestadapter/v1" className="UnitTestProject1.UnitTest1" name="Pass3" />
    </UnitTest>
    <UnitTest name="TestMethod41" storage="c:\agent\_work\4\s\unittestproject1\unittestproject1\bin\release\unittestproject1.dll" priority="3" id="5f5ce330-f4a5-501b-a7f8-d8c7ebf32ddf">
      <Owners>
        <Owner name="some1" />
      </Owners>
      <Execution id="f556f2e2-fc0e-47ea-b8c3-19e711ceb897" />
      <TestMethod codeBase="C:\agent\_work\4\s\UnitTestProject1\UnitTestProject1\bin\Release\UnitTestProject1.dll" adapterTypeName="executor://mstestadapter/v1" className="UnitTestProject1.UnitTest1" name="TestMethod41" />
    </UnitTest>
    <UnitTest name="Fail1" storage="c:\agent\_work\4\s\unittestproject1\unittestproject1\bin\release\unittestproject1.dll" id="7c66fbda-2d0e-a714-e18d-83c0464019a5">
      <Execution id="fee9c6db-72db-4767-b752-790d8b6cb5f9" />
      <TestMethod codeBase="C:\agent\_work\4\s\UnitTestProject1\UnitTestProject1\bin\Release\UnitTestProject1.dll" adapterTypeName="executor://mstestadapter/v1" className="UnitTestProject1.UnitTest1" name="Fail1" />
    </UnitTest>
    <UnitTest name="Pass42" storage="c:\agent\_work\4\s\unittestproject1\unittestproject1\bin\release\unittestproject1.dll" id="ce6fa5bc-1b23-737f-cab1-9f96b479af5d">
      <Execution id="31e837a7-f135-4682-8948-ef02b3b48652" />
      <TestMethod codeBase="C:\agent\_work\4\s\UnitTestProject1\UnitTestProject1\bin\Release\UnitTestProject1.dll" adapterTypeName="executor://mstestadapter/v1" className="UnitTestProject1.UnitTest1" name="Pass42" />
    </UnitTest>
  </TestDefinitions>
  <TestEntries>
    <TestEntry testId="eaa8d997-c068-2cd3-b97f-ee70ec2eeab6" executionId="5eafbbc9-b5ad-4ebe-bea4-a910b04624c9" testListId="8c84fa94-04c1-424b-9868-57a2d4851a1d" />
    <TestEntry testId="aefba017-ab06-be36-6b92-de4e29836f72" executionId="bb226835-79ac-4478-8303-8ded0f43e394" testListId="8c84fa94-04c1-424b-9868-57a2d4851a1d" />
    <TestEntry testId="7b8b3965-30c9-8915-77cd-f56f955bc8f3" executionId="a8fc3143-937f-40ab-a224-b5adaef6912a" testListId="8c84fa94-04c1-424b-9868-57a2d4851a1d" />
    <TestEntry testId="45318ffb-81d9-25f8-f060-a97144697a0a" executionId="4d7d7d18-b5d4-4aa9-947a-54d892fbcd41" testListId="8c84fa94-04c1-424b-9868-57a2d4851a1d" />
    <TestEntry testId="5ec80c74-dd0b-b800-e23e-3e2553454930" executionId="0deb8a95-1357-4e62-b22c-ff11d3aaafb7" testListId="8c84fa94-04c1-424b-9868-57a2d4851a1d" />
    <TestEntry testId="55dec915-d020-dd64-93c1-85b797943642" executionId="600f58db-85b0-44e3-a86b-395990f7299e" testListId="8c84fa94-04c1-424b-9868-57a2d4851a1d" />
    <TestEntry testId="81a22edd-2293-1aa5-867b-5b1f7a5d5eab" executionId="eaeb3eb1-41a0-457e-86d5-583c63cb22c6" testListId="8c84fa94-04c1-424b-9868-57a2d4851a1d" />
    <TestEntry testId="ce6fa5bc-1b23-737f-cab1-9f96b479af5d" executionId="31e837a7-f135-4682-8948-ef02b3b48652" testListId="8c84fa94-04c1-424b-9868-57a2d4851a1d" />
    <TestEntry testId="1bfb42e8-2ca4-257c-96d7-cb3737f77abb" executionId="4a967a00-b6f6-44ad-be68-44eca9086748" testListId="8c84fa94-04c1-424b-9868-57a2d4851a1d" />
    <TestEntry testId="7aabd3c2-5bb5-1d38-a327-9e159e75ce39" executionId="32642253-713a-495d-b27d-d94f4bfbac83" testListId="8c84fa94-04c1-424b-9868-57a2d4851a1d" />
    <TestEntry testId="5f5ce330-f4a5-501b-a7f8-d8c7ebf32ddf" executionId="f556f2e2-fc0e-47ea-b8c3-19e711ceb897" testListId="8c84fa94-04c1-424b-9868-57a2d4851a1d" />
    <TestEntry testId="0596bb2b-0e75-bd18-c533-421c006a056b" executionId="ea1248c9-5130-4fb1-9810-df93803ce60c" testListId="8c84fa94-04c1-424b-9868-57a2d4851a1d" />
    <TestEntry testId="5de8ee5b-fd4c-e46d-31b0-d7572d9fe448" executionId="d6aba8d9-0e45-47f7-836e-0a21943f1a81" testListId="8c84fa94-04c1-424b-9868-57a2d4851a1d" />
    <TestEntry testId="3599b29c-a129-0bd3-282a-c9e1d758e82e" executionId="810a409f-d243-47c2-9f76-f688caa2258c" testListId="8c84fa94-04c1-424b-9868-57a2d4851a1d" />
    <TestEntry testId="9349c957-dea8-ec7b-ac45-f7acd4bcac2e" executionId="cbba3232-e7e2-42f6-ba98-41a2f51f2de8" testListId="8c84fa94-04c1-424b-9868-57a2d4851a1d" />
    <TestEntry testId="a9d0a865-47ef-0673-67ca-e57147dff1a9" executionId="ebd74c81-5cfa-4a02-9f49-7660adbcd995" testListId="8c84fa94-04c1-424b-9868-57a2d4851a1d" />
    <TestEntry testId="75a3bc6c-5c8a-1e8a-497b-e632f9771662" executionId="7d19c2a4-507c-4969-9a66-e01ef305e0d5" testListId="8c84fa94-04c1-424b-9868-57a2d4851a1d" />
    <TestEntry testId="87e27bb7-a829-997e-7caa-6798651c32ec" executionId="1aece527-5b1f-4b39-bb23-34168ea5bd57" testListId="8c84fa94-04c1-424b-9868-57a2d4851a1d" />
    <TestEntry testId="fbbd2ad5-0993-7f35-bbd4-29881a8cfaba" executionId="b593c63a-aaf2-4c94-a516-cb1e4d863533" testListId="8c84fa94-04c1-424b-9868-57a2d4851a1d" />
    <TestEntry testId="2dfa8c33-06e2-a5c6-c504-912fa7fce2b9" executionId="d7b5909a-b82c-400a-9bab-8a12aa2e8291" testListId="8c84fa94-04c1-424b-9868-57a2d4851a1d" />
    <TestEntry testId="f9993924-b6cb-ae10-8258-aa8826fc15f2" executionId="02fb69c9-a213-4d6b-9778-a15643625903" testListId="8c84fa94-04c1-424b-9868-57a2d4851a1d" />
    <TestEntry testId="ef30f211-13c3-ea98-1d1d-499bb371b1c9" executionId="39ed9d5b-789e-4754-b333-0a7686190a4c" testListId="8c84fa94-04c1-424b-9868-57a2d4851a1d" />
    <TestEntry testId="97462772-3a89-3d26-a23e-c081bc426930" executionId="f0c78f00-0e96-44d5-bb02-660f08a060d0" testListId="8c84fa94-04c1-424b-9868-57a2d4851a1d" />
    <TestEntry testId="7c66fbda-2d0e-a714-e18d-83c0464019a5" executionId="fee9c6db-72db-4767-b752-790d8b6cb5f9" testListId="8c84fa94-04c1-424b-9868-57a2d4851a1d" />
    <TestEntry testId="fd68f66f-1b60-3674-4e38-03dc41b73c8b" executionId="fb26822a-1594-49c2-90ba-b6af4d8ca3fa" testListId="8c84fa94-04c1-424b-9868-57a2d4851a1d" />
    <TestEntry testId="57b8e405-9ba6-c1ee-7866-49a0379ef2a7" executionId="30a034bc-a79f-4594-b36d-626d684afab4" testListId="8c84fa94-04c1-424b-9868-57a2d4851a1d" />
    <TestEntry testId="a18c1e1e-d07c-fa66-e769-c5ca2941d3ac" executionId="6cdd54f1-a2a1-4596-9582-1a4711f9c127" testListId="8c84fa94-04c1-424b-9868-57a2d4851a1d" />
    <TestEntry testId="b935be97-eb03-81d4-cdef-0bd9c0393e86" executionId="9f2dbb2b-5b56-491f-9170-fbc6a0bcb04c" testListId="8c84fa94-04c1-424b-9868-57a2d4851a1d" />
  </TestEntries>
  <TestLists>
    <TestList name="Results Not in a List" id="8c84fa94-04c1-424b-9868-57a2d4851a1d" />
    <TestList name="All Loaded Results" id="19431567-8539-422a-85d7-44ee4e166bda" />
  </TestLists>
  <ResultSummary outcome="Failed">
    <Counters total="28" executed="28" passed="17" failed="11" error="0" timeout="0" aborted="0" inconclusive="0" passedButRunAborted="0" notRunnable="0" notExecuted="0" disconnected="0" warning="0" completed="0" inProgress="0" pending="0" />
  </ResultSummary>
</TestRun>
