<?xml version="1.0" encoding="utf-8"?>
<TestRun id="c19f0063-e4f7-4abb-9aff-1dae9c63424f" name="kulall@KUSHWS1 2019-01-29 15:29:04" runUser="FAREAST\kulall" xmlns="http://microsoft.com/schemas/VisualStudio/TeamTest/2010">
  <Times creation="2019-01-29T15:29:04.9140824+05:30" queuing="2019-01-29T15:29:04.9140824+05:30" start="2019-01-29T15:29:02.4488651+05:30" finish="2019-01-29T15:29:06.1171002+05:30" />
  <TestSettings name="default" id="e6c1bb63-1fce-44cd-a1de-80504f9e30ae">
    <Deployment runDeploymentRoot="kulall_KUSHWS1_2019-01-29_15_29_04" />
  </TestSettings>
  <Results>
    <UnitTestResult executionId="df01091c-c2cd-486d-a8d6-df7e4c35c9f5" testId="4a90947c-9475-bd80-7d7a-bda53224a554" testName="TestMethod2" computerName="KUSHWS1" duration="00:00:00.5066926" startTime="2019-01-29T15:29:03.9268451+05:30" endTime="2019-01-29T15:29:04.6330829+05:30" testType="13cdc9d9-ddb5-4fa4-a97d-d965ccfc6d4b" outcome="Passed" testListId="8c84fa94-04c1-424b-9868-57a2d4851a1d" relativeResultsDirectory="df01091c-c2cd-486d-a8d6-df7e4c35c9f5">
      <Output>
        <StdOut>TestContext Messages:
I am doing something here</StdOut>
      </Output>
    </UnitTestResult>
    <UnitTestResult executionId="a1c1e705-a39d-4f74-b814-0aeb573f2b6d" testId="50870e1b-d147-9442-98cb-12ef4190a1fb" testName="TestMethod4" computerName="KUSHWS1" duration="00:00:00.5034340" startTime="2019-01-29T15:29:05.2240895+05:30" endTime="2019-01-29T15:29:05.7270911+05:30" testType="13cdc9d9-ddb5-4fa4-a97d-d965ccfc6d4b" outcome="Failed" testListId="8c84fa94-04c1-424b-9868-57a2d4851a1d" relativeResultsDirectory="a1c1e705-a39d-4f74-b814-0aeb573f2b6d">
      <Output>
        <StdOut>TestContext Messages:
I am doing something here</StdOut>
        <ErrorInfo>
          <Message>Assert.IsTrue failed. </Message>
          <StackTrace>   at FlakyTestProject.UnitTest1.TestMethod4() in C:\HierarchialTest - Rerun\CodedUITestProject17\UnitTest1.cs:line 43&#xD;
</StackTrace>
        </ErrorInfo>
      </Output>
    </UnitTestResult>
    <UnitTestResult executionId="6c994bc2-1502-4521-81dc-e0074a7a5c16" testId="a111f25d-ebc3-eb2f-b8d5-71ba6b9a7cde" testName="TestMethod3" computerName="KUSHWS1" duration="00:00:00.5603791" startTime="2019-01-29T15:29:04.6620819+05:30" endTime="2019-01-29T15:29:05.2220869+05:30" testType="13cdc9d9-ddb5-4fa4-a97d-d965ccfc6d4b" outcome="Failed" testListId="8c84fa94-04c1-424b-9868-57a2d4851a1d" relativeResultsDirectory="6c994bc2-1502-4521-81dc-e0074a7a5c16">
      <Output>
        <StdOut>TestContext Messages:
I am doing something here</StdOut>
        <ErrorInfo>
          <Message>Assert.IsTrue failed. </Message>
          <StackTrace>   at FlakyTestProject.UnitTest1.TestMethod3() in C:\HierarchialTest - Rerun\CodedUITestProject17\UnitTest1.cs:line 34&#xD;
</StackTrace>
        </ErrorInfo>
      </Output>
    </UnitTestResult>
  </Results>
  <TestDefinitions>
    <UnitTest name="TestMethod3" storage="c:\hierarchialtest - rerun\codeduitestproject17\bin\release\codeduitestproject17.dll" id="a111f25d-ebc3-eb2f-b8d5-71ba6b9a7cde">
      <Execution id="6c994bc2-1502-4521-81dc-e0074a7a5c16" />
      <TestMethod codeBase="C:\HierarchialTest - Rerun\CodedUITestProject17\bin\Release\CodedUITestProject17.dll" adapterTypeName="executor://mstestadapter/v1" className="FlakyTestProject.UnitTest1" name="TestMethod3" />
    </UnitTest>
    <UnitTest name="TestMethod4" storage="c:\hierarchialtest - rerun\codeduitestproject17\bin\release\codeduitestproject17.dll" id="50870e1b-d147-9442-98cb-12ef4190a1fb">
      <Execution id="a1c1e705-a39d-4f74-b814-0aeb573f2b6d" />
      <TestMethod codeBase="C:\HierarchialTest - Rerun\CodedUITestProject17\bin\Release\CodedUITestProject17.dll" adapterTypeName="executor://mstestadapter/v1" className="FlakyTestProject.UnitTest1" name="TestMethod4" />
    </UnitTest>
    <UnitTest name="TestMethod2" storage="c:\hierarchialtest - rerun\codeduitestproject17\bin\release\codeduitestproject17.dll" id="4a90947c-9475-bd80-7d7a-bda53224a554">
      <Execution id="df01091c-c2cd-486d-a8d6-df7e4c35c9f5" />
      <TestMethod codeBase="C:\HierarchialTest - Rerun\CodedUITestProject17\bin\Release\CodedUITestProject17.dll" adapterTypeName="executor://mstestadapter/v1" className="FlakyTestProject.UnitTest1" name="TestMethod2" />
    </UnitTest>
  </TestDefinitions>
  <TestEntries>
    <TestEntry testId="4a90947c-9475-bd80-7d7a-bda53224a554" executionId="df01091c-c2cd-486d-a8d6-df7e4c35c9f5" testListId="8c84fa94-04c1-424b-9868-57a2d4851a1d" />
    <TestEntry testId="50870e1b-d147-9442-98cb-12ef4190a1fb" executionId="a1c1e705-a39d-4f74-b814-0aeb573f2b6d" testListId="8c84fa94-04c1-424b-9868-57a2d4851a1d" />
    <TestEntry testId="a111f25d-ebc3-eb2f-b8d5-71ba6b9a7cde" executionId="6c994bc2-1502-4521-81dc-e0074a7a5c16" testListId="8c84fa94-04c1-424b-9868-57a2d4851a1d" />
  </TestEntries>
  <TestLists>
    <TestList name="Results Not in a List" id="8c84fa94-04c1-424b-9868-57a2d4851a1d" />
    <TestList name="All Loaded Results" id="19431567-8539-422a-85d7-44ee4e166bda" />
  </TestLists>
  <ResultSummary outcome="Failed">
    <Counters total="3" executed="3" passed="1" failed="2" error="0" timeout="0" aborted="0" inconclusive="0" passedButRunAborted="0" notRunnable="0" notExecuted="0" disconnected="0" warning="0" completed="0" inProgress="0" pending="0" />
  </ResultSummary>
</TestRun>